// Jest Snapshot v1, https://goo.gl/fbAQLP

exports[`<Posts /> should render posts 1`] = `
<div
  class="posts"
>
  <div
    class="post"
  >
    <img
      alt="title 1"
      class="post__img"
      name="title 1"
      src="img/img1.png"
    />
    <div
      class="post__content"
    >
      <h1
        name="title 1"
      >
         
        title 1
         
      </h1>
      <p>
         
        body 1
         
      </p>
    </div>
  </div>
  <div
    class="post"
  >
    <img
      alt="title 2"
      class="post__img"
      name="title 2"
      src="img/img2.png"
    />
    <div
      class="post__content"
    >
      <h1
        name="title 2"
      >
         
        title 2
         
      </h1>
      <p>
         
        body 2
         
      </p>
    </div>
  </div>
  <div
    class="post"
  >
    <img
      alt="title 3"
      class="post__img"
      name="title 3"
      src="img/img3.png"
    />
    <div
      class="post__content"
    >
      <h1
        name="title 3"
      >
         
        title 3
         
      </h1>
      <p>
         
        body 3
         
      </p>
    </div>
  </div>
</div>
`;
